./checkpoints/checkpoint_1epoch_1.ckpt, 平均PSNR=19.995, 平均SSIM=0.736
./checkpoints/checkpoint_1epoch_2.ckpt, 平均PSNR=21.181, 平均SSIM=0.751
./checkpoints/checkpoint_1epoch_3.ckpt, 平均PSNR=22.730, 平均SSIM=0.770
./checkpoints/checkpoint_1epoch_4.ckpt, 平均PSNR=22.445, 平均SSIM=0.766
./checkpoints/checkpoint_1epoch_5.ckpt, 平均PSNR=21.998, 平均SSIM=0.773
./checkpoints/checkpoint_1epoch_6.ckpt, 平均PSNR=22.139, 平均SSIM=0.745
./checkpoints/checkpoint_1epoch_7.ckpt, 平均PSNR=23.412, 平均SSIM=0.766
./checkpoints/checkpoint_1epoch_8.ckpt, 平均PSNR=23.846, 平均SSIM=0.779
./checkpoints/checkpoint_1epoch_9.ckpt, 平均PSNR=24.494, 平均SSIM=0.793
./checkpoints/checkpoint_1epoch_10.ckpt, 平均PSNR=24.184, 平均SSIM=0.783
./checkpoints/checkpoint_2epoch_1.ckpt, 平均PSNR=23.925, 平均SSIM=0.787
./checkpoints/checkpoint_2epoch_2.ckpt, 平均PSNR=24.676, 平均SSIM=0.796
./checkpoints/checkpoint_2epoch_3.ckpt, 平均PSNR=24.421, 平均SSIM=0.797
./checkpoints/checkpoint_2epoch_4.ckpt, 平均PSNR=24.253, 平均SSIM=0.780
./checkpoints/checkpoint_2epoch_5.ckpt, 平均PSNR=24.619, 平均SSIM=0.792
./checkpoints/checkpoint_2epoch_6.ckpt, 平均PSNR=25.264, 平均SSIM=0.793
./checkpoints/checkpoint_2epoch_7.ckpt, 平均PSNR=25.211, 平均SSIM=0.792
./checkpoints/checkpoint_2epoch_8.ckpt, 平均PSNR=24.741, 平均SSIM=0.795
./checkpoints/checkpoint_2epoch_9.ckpt, 平均PSNR=24.581, 平均SSIM=0.794
./checkpoints/checkpoint_2epoch_10.ckpt, 平均PSNR=23.099, 平均SSIM=0.779
./checkpoints/checkpoint_3epoch_1.ckpt, 平均PSNR=24.378, 平均SSIM=0.804
./checkpoints/checkpoint_3epoch_2.ckpt, 平均PSNR=24.480, 平均SSIM=0.795
./checkpoints/checkpoint_3epoch_3.ckpt, 平均PSNR=23.836, 平均SSIM=0.791
./checkpoints/checkpoint_3epoch_4.ckpt, 平均PSNR=23.629, 平均SSIM=0.789
./checkpoints/checkpoint_3epoch_5.ckpt, 平均PSNR=24.931, 平均SSIM=0.801
./checkpoints/checkpoint_3epoch_6.ckpt, 平均PSNR=24.050, 平均SSIM=0.796
./checkpoints/checkpoint_3epoch_7.ckpt, 平均PSNR=23.584, 平均SSIM=0.805
./checkpoints/checkpoint_3epoch_8.ckpt, 平均PSNR=24.115, 平均SSIM=0.805
./checkpoints/checkpoint_3epoch_9.ckpt, 平均PSNR=24.407, 平均SSIM=0.804
./checkpoints/checkpoint_3epoch_10.ckpt, 平均PSNR=26.180, 平均SSIM=0.808
./checkpoints/checkpoint_4epoch_1.ckpt, 平均PSNR=22.114, 平均SSIM=0.770
./checkpoints/checkpoint_4epoch_2.ckpt, 平均PSNR=25.077, 平均SSIM=0.812
./checkpoints/checkpoint_4epoch_3.ckpt, 平均PSNR=23.817, 平均SSIM=0.768
./checkpoints/checkpoint_4epoch_4.ckpt, 平均PSNR=24.191, 平均SSIM=0.777
./checkpoints/checkpoint_4epoch_5.ckpt, 平均PSNR=25.162, 平均SSIM=0.796

./checkpoints_withUnet/checkpoint_4epoch_1.ckpt, 平均PSNR=24.408, 平均SSIM=0.790
./checkpoints_withUnet/checkpoint_4epoch_2.ckpt, 平均PSNR=25.115, 平均SSIM=0.797
./checkpoints_withUnet/checkpoint_4epoch_3.ckpt, 平均PSNR=24.602, 平均SSIM=0.784
./checkpoints_withUnet/checkpoint_4epoch_4.ckpt, 平均PSNR=24.618, 平均SSIM=0.803
./checkpoints_withUnet/checkpoint_4epoch_5.ckpt, 平均PSNR=24.842, 平均SSIM=0.808
./checkpoints_withUnet/checkpoint_4epoch_6.ckpt, 平均PSNR=23.502, 平均SSIM=0.808
./checkpoints_withUnet/checkpoint_4epoch_7.ckpt, 平均PSNR=23.977, 平均SSIM=0.795
./checkpoints_withUnet/checkpoint_4epoch_8.ckpt, 平均PSNR=23.699, 平均SSIM=0.785
./checkpoints_withUnet/checkpoint_4epoch_9.ckpt, 平均PSNR=25.049, 平均SSIM=0.809
./checkpoints_withUnet/checkpoint_4epoch_10.ckpt, 平均PSNR=25.219, 平均SSIM=0.811

./checkpoints_withUnet/checkpoint_5epoch_1.ckpt, 平均PSNR=25.722, 平均SSIM=0.817
./checkpoints_withUnet/checkpoint_5epoch_2.ckpt, 平均PSNR=25.147, 平均SSIM=0.816
./checkpoints_withUnet/checkpoint_5epoch_3.ckpt, 平均PSNR=24.773, 平均SSIM=0.816
./checkpoints_withUnet/checkpoint_5epoch_4.ckpt, 平均PSNR=25.454, 平均SSIM=0.820
./checkpoints_withUnet/checkpoint_5epoch_5.ckpt, 平均PSNR=24.652, 平均SSIM=0.818
./checkpoints_withUnet/checkpoint_5epoch_6.ckpt, 平均PSNR=24.725, 平均SSIM=0.817
./checkpoints_withUnet/checkpoint_5epoch_7.ckpt, 平均PSNR=24.962, 平均SSIM=0.816
./checkpoints_withUnet/checkpoint_5epoch_8.ckpt, 平均PSNR=25.939, 平均SSIM=0.824
./checkpoints_withUnet/checkpoint_5epoch_9.ckpt, 平均PSNR=25.702, 平均SSIM=0.819
./checkpoints_withUnet/checkpoint_5epoch_10.ckpt, 平均PSNR=25.936, 平均SSIM=0.826
./checkpoints_withUnet/checkpoint_6epoch_1.ckpt, 平均PSNR=24.745, 平均SSIM=0.816
./checkpoints_withUnet/checkpoint_6epoch_2.ckpt, 平均PSNR=26.814, 平均SSIM=0.823
./checkpoints_withUnet/checkpoint_6epoch_3.ckpt, 平均PSNR=25.953, 平均SSIM=0.820
./checkpoints_withUnet/checkpoint_6epoch_4.ckpt, 平均PSNR=23.893, 平均SSIM=0.807
./checkpoints_withUnet/checkpoint_6epoch_5.ckpt, 平均PSNR=25.351, 平均SSIM=0.822
./checkpoints_withUnet/checkpoint_6epoch_6.ckpt, 平均PSNR=24.804, 平均SSIM=0.825
./checkpoints_withUnet/checkpoint_6epoch_7.ckpt, 平均PSNR=24.927, 平均SSIM=0.827
./checkpoints_withUnet/checkpoint_6epoch_8.ckpt, 平均PSNR=25.676, 平均SSIM=0.803
./checkpoints_withUnet/checkpoint_6epoch_9.ckpt, 平均PSNR=25.272, 平均SSIM=0.825
./checkpoints_withUnet/checkpoint_6epoch_10.ckpt, 平均PSNR=26.607, 平均SSIM=0.825
./checkpoints/checkpoint_3epoch_10.ckpt, 平均PSNR=26.180, 平均SSIM=0.808
